// Vitest Snapshot v1, https://vitest.dev/guide/snapshot.html

exports[`Trans component tests > dynamic prop tests > nested interpolating with tree-like component object 1`] = `"Number <div style="color: red;">one</div>, number <a href="" style="color: rgb(79, 151, 163); text-decoration: none;">three</a>, number <b style="font-size: xx-large;">six</b>, number <div class="my-class" style="display: flex; flex-direction: column-reverse;">seven, <u>eight</u>, <i>nine, <div class="my-class" style="background-color: black; color: white; width: 100px;">ten</div></i></div>"`;
